ℹ [2/8] Built FreedomKernel.Ed25519 (2.3s)
info: FreedomKernel/Ed25519.lean:199:0: 'FreedomKernel.Ed25519.verify_agrees_with_rfc8032' depends on axioms: [ed25519_verify_matches_rfc8032]
info: FreedomKernel/Ed25519.lean:210:0: 'FreedomKernel.Ed25519.rfc8032_accepted_has_an_honest_signer' depends on axioms: [rfc8032_euf_cma]
info: FreedomKernel/Ed25519.lean:222:0: 'FreedomKernel.Ed25519.accepted_signature_has_an_honest_signer' depends on axioms: [ed25519_verify_matches_rfc8032,
 rfc8032_euf_cma]
info: FreedomKernel/Ed25519.lean:263:0: 'FreedomKernel.Ed25519.scheme_accepted_signature_has_an_honest_signer' does not depend on any axioms
info: FreedomKernel/Ed25519.lean:280:0: 'FreedomKernel.Ed25519.ed25519Assumed' depends on axioms: [ed25519_verify_matches_rfc8032, rfc8032_euf_cma]
info: FreedomKernel/Ed25519.lean:321:0: 'FreedomKernel.Ed25519.ed25519Verified' depends on axioms: [rfc8032_euf_cma]
⚠ [3/8] Built FreedomKernel.Temporal (2.3s)
warning: FreedomKernel/Temporal.lean:44:5: Variable name `h` is not explicitly referenced.

The binding can be removed (if unused) or named `_` (if used implicitly).

Note: This linter can be disabled with `set_option linter.unusedVariables false`
info: FreedomKernel/Temporal.lean:52:0: 'FreedomKernel.Temporal.taint_monotone' does not depend on any axioms
info: FreedomKernel/Temporal.lean:53:0: 'FreedomKernel.Temporal.no_downward_write' does not depend on any axioms
ℹ [4/8] Built FreedomKernel.Scope (2.3s)
info: FreedomKernel/Scope.lean:289:0: 'FreedomKernel.Scope.scope_contains_reflexive' depends on axioms: [propext, Classical.choice, Quot.sound]
info: FreedomKernel/Scope.lean:290:0: 'FreedomKernel.Scope.scope_contains_root_universal' depends on axioms: [propext, Classical.choice, Quot.sound]
info: FreedomKernel/Scope.lean:291:0: 'FreedomKernel.Scope.traversal_in_parent_always_false' depends on axioms: [propext, Classical.choice, Quot.sound]
info: FreedomKernel/Scope.lean:292:0: 'FreedomKernel.Scope.traversal_in_child_always_false' depends on axioms: [propext, Classical.choice, Quot.sound]
info: FreedomKernel/Scope.lean:293:0: 'FreedomKernel.Scope.prefix_implies_containment' depends on axioms: [propext, Classical.choice, Quot.sound]
info: FreedomKernel/Scope.lean:294:0: 'FreedomKernel.Scope.scope_contains_antisymmetric' depends on axioms: [propext, Classical.choice, Quot.sound]
⚠ [5/8] Built FreedomKernel.TCB (2.8s)
warning: FreedomKernel/TCB.lean:129:18: Variable name `h` is not explicitly referenced.

The binding can be removed (if unused) or named `_` (if used implicitly).

Note: This linter can be disabled with `set_option linter.unusedVariables false`
warning: FreedomKernel/TCB.lean:130:5: Variable name `hno` is not explicitly referenced.

The binding can be removed (if unused) or named `_` (if used implicitly).

Note: This linter can be disabled with `set_option linter.unusedVariables false`
info: FreedomKernel/TCB.lean:152:0: 'FreedomKernel.forbidden_flags_always_block' depends on axioms: [propext]
info: FreedomKernel/TCB.lean:153:0: 'FreedomKernel.sovereignty_flag_blocks' depends on axioms: [propext]
info: FreedomKernel/TCB.lean:154:0: 'FreedomKernel.coercion_flag_blocks' depends on axioms: [propext]
info: FreedomKernel/TCB.lean:155:0: 'FreedomKernel.deception_flag_blocks' depends on axioms: [propext]
info: FreedomKernel/TCB.lean:156:0: 'FreedomKernel.verify_deterministic' does not depend on any axioms
info: FreedomKernel/TCB.lean:157:0: 'FreedomKernel.permitted_implies_no_forbidden_flag' depends on axioms: [propext]
info: FreedomKernel/TCB.lean:158:0: 'FreedomKernel.ownerless_machine_must_have_owner' does not depend on any axioms
info: FreedomKernel/TCB.lean:159:0: 'FreedomKernel.machine_cannot_govern_human' does not depend on any axioms
✔ [6/8] Built FreedomKernel.Incompleteness (1.5s)
ℹ [7/8] Built FreedomKernel.MultiAgent (1.5s)
info: FreedomKernel/MultiAgent.lean:61:0: 'FreedomKernel.MultiAgent.attenuation_cannot_escalate' does not depend on any axioms
info: FreedomKernel/MultiAgent.lean:62:0: 'FreedomKernel.MultiAgent.delegation_depth_bounded' does not depend on any axioms
Build completed successfully (8 jobs).
